[2026-02-24 10:01:00] [INFO] CRONJOB: INSERCIÓN DE MOROSIDAD
[2026-02-24 10:01:00] [INFO] Fecha/Hora: 2026-02-24 10:01:00
[2026-02-24 10:01:00] [WARNING] MODO DRY-RUN ACTIVADO - No se modificará la base de datos
[2026-02-24 10:01:00] [SUCCESS] WEBHOOK ACTIVADO - Se enviarán notificaciones a Google Chat
[2026-02-24 10:01:01] [SUCCESS] Conexión a base de datos establecida exitosamente
[2026-02-24 10:01:01] [INFO] INICIANDO PROCESO DE MOROSIDAD
[2026-02-24 10:01:01] [INFO] Modo: DRY-RUN (Simulación)
[2026-02-24 10:01:01] [INFO] Día actual: Tuesday (código: 2)
[2026-02-24 10:01:01] [SUCCESS] Validación de día correcta: Es martes
[2026-02-24 10:01:01] [INFO] PASO 1: Consultando créditos morosos (Dias_mora >= 1)
[2026-02-24 10:01:03] [SUCCESS] Créditos morosos encontrados: 26093
[2026-02-24 10:01:03] [INFO] PASO 2: Insertando registros en gastos_cobranza (MODO LOTES)
[2026-02-24 10:01:03] [WARNING] DRY-RUN: No se insertarán registros
[2026-02-24 10:01:03] [INFO] Se procesarían 26093 registros
[2026-02-24 10:01:03] [INFO] RESUMEN DE EJECUCIÓN
[2026-02-24 10:01:03] [INFO] Total de créditos morosos: 26093
[2026-02-24 10:01:03] [INFO] Insertados exitosamente:   0
[2026-02-24 10:01:03] [INFO] Duplicados omitidos:       0
[2026-02-24 10:01:03] [INFO] Errores de inserción:      0
[2026-02-24 10:01:03] [INFO] Tasa de procesamiento:     0%
[2026-02-24 10:01:04] [SUCCESS] PROCESO COMPLETADO EXITOSAMENTE
[2026-02-24 10:01:04] [INFO] Tiempo de ejecución: 3.65 segundos


[2026-02-24 10:02:38] [INFO] CRONJOB: INSERCIÓN DE MOROSIDAD
[2026-02-24 10:02:38] [INFO] Fecha/Hora: 2026-02-24 10:02:38
[2026-02-24 10:02:38] [SUCCESS] WEBHOOK ACTIVADO - Se enviarán notificaciones a Google Chat
[2026-02-24 10:02:38] [SUCCESS] Conexión a base de datos establecida exitosamente
[2026-02-24 10:02:38] [INFO] INICIANDO PROCESO DE MOROSIDAD
[2026-02-24 10:02:38] [INFO] Modo: PRODUCCIÓN
[2026-02-24 10:02:39] [INFO] Día actual: Tuesday (código: 2)
[2026-02-24 10:02:39] [SUCCESS] Validación de día correcta: Es martes
[2026-02-24 10:02:39] [INFO] PASO 1: Consultando créditos morosos (Dias_mora >= 1)
[2026-02-24 10:02:41] [SUCCESS] Créditos morosos encontrados: 26093
[2026-02-24 10:02:41] [INFO] PASO 2: Insertando registros en gastos_cobranza (MODO LOTES)
[2026-02-24 10:02:41] [INFO] Iniciando transacción de base de datos...
[2026-02-24 10:02:41] [INFO] Procesando 26093 registros en 53 lotes de 500
[2026-02-24 10:02:41] [INFO] Lote 1/53 completado - Progreso: 1.9% (500 insertados, 0 duplicados)
[2026-02-24 10:02:43] [INFO] Lote 2/53 completado - Progreso: 3.8% (1000 insertados, 0 duplicados)
[2026-02-24 10:02:44] [INFO] Lote 3/53 completado - Progreso: 5.7% (1500 insertados, 0 duplicados)
[2026-02-24 10:02:45] [INFO] Lote 4/53 completado - Progreso: 7.5% (2000 insertados, 0 duplicados)
[2026-02-24 10:02:46] [INFO] Lote 5/53 completado - Progreso: 9.4% (2500 insertados, 0 duplicados)
[2026-02-24 10:02:48] [INFO] Lote 6/53 completado - Progreso: 11.3% (3000 insertados, 0 duplicados)
[2026-02-24 10:02:49] [INFO] Lote 7/53 completado - Progreso: 13.2% (3500 insertados, 0 duplicados)
[2026-02-24 10:02:50] [INFO] Lote 8/53 completado - Progreso: 15.1% (4000 insertados, 0 duplicados)
[2026-02-24 10:02:51] [INFO] Lote 9/53 completado - Progreso: 17% (4500 insertados, 0 duplicados)
[2026-02-24 10:02:52] [INFO] Lote 10/53 completado - Progreso: 18.9% (5000 insertados, 0 duplicados)
[2026-02-24 10:02:53] [INFO] Lote 11/53 completado - Progreso: 20.8% (5500 insertados, 0 duplicados)
[2026-02-24 10:02:55] [INFO] Lote 12/53 completado - Progreso: 22.6% (6000 insertados, 0 duplicados)
[2026-02-24 10:02:56] [INFO] Lote 13/53 completado - Progreso: 24.5% (6500 insertados, 0 duplicados)
[2026-02-24 10:02:57] [INFO] Lote 14/53 completado - Progreso: 26.4% (7000 insertados, 0 duplicados)
[2026-02-24 10:02:58] [INFO] Lote 15/53 completado - Progreso: 28.3% (7500 insertados, 0 duplicados)
[2026-02-24 10:02:59] [INFO] Lote 16/53 completado - Progreso: 30.2% (8000 insertados, 0 duplicados)
[2026-02-24 10:02:59] [INFO] Lote 17/53 completado - Progreso: 32.1% (8500 insertados, 0 duplicados)
[2026-02-24 10:03:00] [INFO] Lote 18/53 completado - Progreso: 34% (9000 insertados, 0 duplicados)
[2026-02-24 10:03:01] [INFO] Lote 19/53 completado - Progreso: 35.8% (9500 insertados, 0 duplicados)
[2026-02-24 10:03:02] [INFO] Lote 20/53 completado - Progreso: 37.7% (10000 insertados, 0 duplicados)
[2026-02-24 10:03:04] [INFO] Lote 21/53 completado - Progreso: 39.6% (10500 insertados, 0 duplicados)
[2026-02-24 10:03:05] [INFO] Lote 22/53 completado - Progreso: 41.5% (11000 insertados, 0 duplicados)
[2026-02-24 10:03:06] [INFO] Lote 23/53 completado - Progreso: 43.4% (11500 insertados, 0 duplicados)
[2026-02-24 10:03:07] [INFO] Lote 24/53 completado - Progreso: 45.3% (12000 insertados, 0 duplicados)
[2026-02-24 10:03:09] [INFO] Lote 25/53 completado - Progreso: 47.2% (12500 insertados, 0 duplicados)
[2026-02-24 10:03:09] [INFO] Lote 26/53 completado - Progreso: 49.1% (13000 insertados, 0 duplicados)
[2026-02-24 10:03:10] [INFO] Lote 27/53 completado - Progreso: 50.9% (13500 insertados, 0 duplicados)
[2026-02-24 10:03:10] [INFO] Lote 28/53 completado - Progreso: 52.8% (14000 insertados, 0 duplicados)
[2026-02-24 10:03:12] [INFO] Lote 29/53 completado - Progreso: 54.7% (14500 insertados, 0 duplicados)
[2026-02-24 10:03:13] [INFO] Lote 30/53 completado - Progreso: 56.6% (15000 insertados, 0 duplicados)
[2026-02-24 10:03:14] [INFO] Lote 31/53 completado - Progreso: 58.5% (15500 insertados, 0 duplicados)
[2026-02-24 10:03:15] [INFO] Lote 32/53 completado - Progreso: 60.4% (16000 insertados, 0 duplicados)
[2026-02-24 10:03:17] [INFO] Lote 33/53 completado - Progreso: 62.3% (16500 insertados, 0 duplicados)
[2026-02-24 10:03:18] [INFO] Lote 34/53 completado - Progreso: 64.2% (17000 insertados, 0 duplicados)
[2026-02-24 10:03:19] [INFO] Lote 35/53 completado - Progreso: 66% (17500 insertados, 0 duplicados)
[2026-02-24 10:03:19] [INFO] Lote 36/53 completado - Progreso: 67.9% (18000 insertados, 0 duplicados)
[2026-02-24 10:03:20] [INFO] Lote 37/53 completado - Progreso: 69.8% (18500 insertados, 0 duplicados)
[2026-02-24 10:03:21] [INFO] Lote 38/53 completado - Progreso: 71.7% (19000 insertados, 0 duplicados)
[2026-02-24 10:03:22] [INFO] Lote 39/53 completado - Progreso: 73.6% (19500 insertados, 0 duplicados)
[2026-02-24 10:03:24] [INFO] Lote 40/53 completado - Progreso: 75.5% (20000 insertados, 0 duplicados)
[2026-02-24 10:03:25] [INFO] Lote 41/53 completado - Progreso: 77.4% (20500 insertados, 0 duplicados)
[2026-02-24 10:03:26] [INFO] Lote 42/53 completado - Progreso: 79.2% (21000 insertados, 0 duplicados)
[2026-02-24 10:03:28] [INFO] Lote 43/53 completado - Progreso: 81.1% (21500 insertados, 0 duplicados)
[2026-02-24 10:03:29] [INFO] Lote 44/53 completado - Progreso: 83% (22000 insertados, 0 duplicados)
[2026-02-24 10:03:29] [INFO] Lote 45/53 completado - Progreso: 84.9% (22500 insertados, 0 duplicados)
[2026-02-24 10:03:30] [INFO] Lote 46/53 completado - Progreso: 86.8% (23000 insertados, 0 duplicados)
[2026-02-24 10:03:31] [INFO] Lote 47/53 completado - Progreso: 88.7% (23500 insertados, 0 duplicados)
[2026-02-24 10:03:32] [INFO] Lote 48/53 completado - Progreso: 90.6% (24000 insertados, 0 duplicados)
[2026-02-24 10:03:33] [INFO] Lote 49/53 completado - Progreso: 92.5% (24500 insertados, 0 duplicados)
[2026-02-24 10:03:35] [INFO] Lote 50/53 completado - Progreso: 94.3% (25000 insertados, 0 duplicados)
[2026-02-24 10:03:36] [INFO] Lote 51/53 completado - Progreso: 96.2% (25500 insertados, 0 duplicados)
[2026-02-24 10:03:37] [INFO] Lote 52/53 completado - Progreso: 98.1% (26000 insertados, 0 duplicados)
[2026-02-24 10:03:38] [INFO] Lote 53/53 completado - Progreso: 100% (26093 insertados, 0 duplicados)
[2026-02-24 10:03:38] [SUCCESS] Transacción COMMIT exitoso - Cambios guardados permanentemente
[2026-02-24 10:03:38] [INFO] RESUMEN DE EJECUCIÓN
[2026-02-24 10:03:38] [INFO] Total de créditos morosos: 26093
[2026-02-24 10:03:38] [INFO] Insertados exitosamente:   26093
[2026-02-24 10:03:38] [INFO] Duplicados omitidos:       0
[2026-02-24 10:03:38] [INFO] Errores de inserción:      0
[2026-02-24 10:03:38] [INFO] Tasa de procesamiento:     100%
[2026-02-24 10:03:39] [SUCCESS] PROCESO COMPLETADO EXITOSAMENTE
[2026-02-24 10:03:39] [INFO] Tiempo de ejecución: 61.26 segundos
