[2026-02-17 09:41:38] [INFO] CRONJOB: INSERCIÓN DE MOROSIDAD
[2026-02-17 09:41:38] [INFO] Fecha/Hora: 2026-02-17 09:41:38
[2026-02-17 09:41:38] [WARNING] MODO FORCE ACTIVADO - Se ejecutará sin importar el día
[2026-02-17 09:41:38] [SUCCESS] WEBHOOK ACTIVADO - Se enviarán notificaciones a Google Chat
[2026-02-17 09:41:38] [SUCCESS] Conexión a base de datos establecida exitosamente
[2026-02-17 09:41:38] [INFO] INICIANDO PROCESO DE MOROSIDAD
[2026-02-17 09:41:38] [INFO] Modo: PRODUCCIÓN
[2026-02-17 09:41:39] [INFO] Día actual: Tuesday (código: 2)
[2026-02-17 09:41:39] [SUCCESS] Validación de día correcta: Es martes
[2026-02-17 09:41:39] [INFO] PASO 1: Consultando créditos morosos (Dias_mora >= 1)
[2026-02-17 09:41:41] [SUCCESS] Créditos morosos encontrados: 24776
[2026-02-17 09:41:41] [INFO] PASO 2: Insertando registros en gastos_cobranza (MODO LOTES)
[2026-02-17 09:41:41] [INFO] Iniciando transacción de base de datos...
[2026-02-17 09:41:41] [INFO] Procesando 24776 registros en 50 lotes de 500
[2026-02-17 09:41:41] [INFO] Lote 1/50 completado - Progreso: 2% (500 insertados, 0 duplicados)
[2026-02-17 09:41:43] [INFO] Lote 2/50 completado - Progreso: 4% (1000 insertados, 0 duplicados)
[2026-02-17 09:41:44] [INFO] Lote 3/50 completado - Progreso: 6% (1500 insertados, 0 duplicados)
[2026-02-17 09:41:45] [INFO] Lote 4/50 completado - Progreso: 8% (2000 insertados, 0 duplicados)
[2026-02-17 09:41:46] [INFO] Lote 5/50 completado - Progreso: 10% (2500 insertados, 0 duplicados)
[2026-02-17 09:41:47] [INFO] Lote 6/50 completado - Progreso: 12% (3000 insertados, 0 duplicados)
[2026-02-17 09:41:48] [INFO] Lote 7/50 completado - Progreso: 14% (3500 insertados, 0 duplicados)
[2026-02-17 09:41:49] [INFO] Lote 8/50 completado - Progreso: 16% (4000 insertados, 0 duplicados)
[2026-02-17 09:41:51] [INFO] Lote 9/50 completado - Progreso: 18% (4500 insertados, 0 duplicados)
[2026-02-17 09:41:52] [INFO] Lote 10/50 completado - Progreso: 20% (5000 insertados, 0 duplicados)
[2026-02-17 09:41:53] [INFO] Lote 11/50 completado - Progreso: 22% (5500 insertados, 0 duplicados)
[2026-02-17 09:41:54] [INFO] Lote 12/50 completado - Progreso: 24% (6000 insertados, 0 duplicados)
[2026-02-17 09:41:55] [INFO] Lote 13/50 completado - Progreso: 26% (6500 insertados, 0 duplicados)
[2026-02-17 09:41:56] [INFO] Lote 14/50 completado - Progreso: 28% (7000 insertados, 0 duplicados)
[2026-02-17 09:41:56] [INFO] Lote 15/50 completado - Progreso: 30% (7500 insertados, 0 duplicados)
[2026-02-17 09:41:57] [INFO] Lote 16/50 completado - Progreso: 32% (8000 insertados, 0 duplicados)
[2026-02-17 09:41:58] [INFO] Lote 17/50 completado - Progreso: 34% (8500 insertados, 0 duplicados)
[2026-02-17 09:41:58] [INFO] Lote 18/50 completado - Progreso: 36% (9000 insertados, 0 duplicados)
[2026-02-17 09:41:59] [INFO] Lote 19/50 completado - Progreso: 38% (9500 insertados, 0 duplicados)
[2026-02-17 09:42:01] [INFO] Lote 20/50 completado - Progreso: 40% (10000 insertados, 0 duplicados)
[2026-02-17 09:42:02] [INFO] Lote 21/50 completado - Progreso: 42% (10500 insertados, 0 duplicados)
[2026-02-17 09:42:03] [INFO] Lote 22/50 completado - Progreso: 44% (11000 insertados, 0 duplicados)
[2026-02-17 09:42:04] [INFO] Lote 23/50 completado - Progreso: 46% (11500 insertados, 0 duplicados)
[2026-02-17 09:42:05] [INFO] Lote 24/50 completado - Progreso: 48% (12000 insertados, 0 duplicados)
[2026-02-17 09:42:06] [INFO] Lote 25/50 completado - Progreso: 50% (12500 insertados, 0 duplicados)
[2026-02-17 09:42:07] [INFO] Lote 26/50 completado - Progreso: 52% (13000 insertados, 0 duplicados)
[2026-02-17 09:42:08] [INFO] Lote 27/50 completado - Progreso: 54% (13500 insertados, 0 duplicados)
[2026-02-17 09:42:10] [INFO] Lote 28/50 completado - Progreso: 56% (14000 insertados, 0 duplicados)
[2026-02-17 09:42:11] [INFO] Lote 29/50 completado - Progreso: 58% (14500 insertados, 0 duplicados)
[2026-02-17 09:42:12] [INFO] Lote 30/50 completado - Progreso: 60% (15000 insertados, 0 duplicados)
[2026-02-17 09:42:14] [INFO] Lote 31/50 completado - Progreso: 62% (15500 insertados, 0 duplicados)
[2026-02-17 09:42:15] [INFO] Lote 32/50 completado - Progreso: 64% (16000 insertados, 0 duplicados)
[2026-02-17 09:42:16] [INFO] Lote 33/50 completado - Progreso: 66% (16500 insertados, 0 duplicados)
[2026-02-17 09:42:17] [INFO] Lote 34/50 completado - Progreso: 68% (17000 insertados, 0 duplicados)
[2026-02-17 09:42:18] [INFO] Lote 35/50 completado - Progreso: 70% (17500 insertados, 0 duplicados)
[2026-02-17 09:42:18] [INFO] Lote 36/50 completado - Progreso: 72% (18000 insertados, 0 duplicados)
[2026-02-17 09:42:20] [INFO] Lote 37/50 completado - Progreso: 74% (18500 insertados, 0 duplicados)
[2026-02-17 09:42:21] [INFO] Lote 38/50 completado - Progreso: 76% (19000 insertados, 0 duplicados)
[2026-02-17 09:42:22] [INFO] Lote 39/50 completado - Progreso: 78% (19500 insertados, 0 duplicados)
[2026-02-17 09:42:24] [INFO] Lote 40/50 completado - Progreso: 80% (20000 insertados, 0 duplicados)
[2026-02-17 09:42:25] [INFO] Lote 41/50 completado - Progreso: 82% (20500 insertados, 0 duplicados)
[2026-02-17 09:42:26] [INFO] Lote 42/50 completado - Progreso: 84% (21000 insertados, 0 duplicados)
[2026-02-17 09:42:27] [INFO] Lote 43/50 completado - Progreso: 86% (21500 insertados, 0 duplicados)
[2026-02-17 09:42:28] [INFO] Lote 44/50 completado - Progreso: 88% (22000 insertados, 0 duplicados)
[2026-02-17 09:42:28] [INFO] Lote 45/50 completado - Progreso: 90% (22500 insertados, 0 duplicados)
[2026-02-17 09:42:30] [INFO] Lote 46/50 completado - Progreso: 92% (23000 insertados, 0 duplicados)
[2026-02-17 09:42:31] [INFO] Lote 47/50 completado - Progreso: 94% (23500 insertados, 0 duplicados)
[2026-02-17 09:42:32] [INFO] Lote 48/50 completado - Progreso: 96% (24000 insertados, 0 duplicados)
[2026-02-17 09:42:34] [INFO] Lote 49/50 completado - Progreso: 98% (24500 insertados, 0 duplicados)
[2026-02-17 09:42:35] [INFO] Lote 50/50 completado - Progreso: 100% (24776 insertados, 0 duplicados)
[2026-02-17 09:42:36] [SUCCESS] Transacción COMMIT exitoso - Cambios guardados permanentemente
[2026-02-17 09:42:36] [INFO] RESUMEN DE EJECUCIÓN
[2026-02-17 09:42:36] [INFO] Total de créditos morosos: 24776
[2026-02-17 09:42:36] [INFO] Insertados exitosamente:   24776
[2026-02-17 09:42:36] [INFO] Duplicados omitidos:       0
[2026-02-17 09:42:36] [INFO] Errores de inserción:      0
[2026-02-17 09:42:36] [INFO] Tasa de procesamiento:     100%
[2026-02-17 09:42:37] [SUCCESS] PROCESO COMPLETADO EXITOSAMENTE
[2026-02-17 09:42:37] [INFO] Tiempo de ejecución: 58.98 segundos
