2026-02-27 18:44:32.005 | INFO     | app.main:startup:85 - 🚀 Doc Verificacion API v1.0.0 iniciado
2026-02-27 18:44:32.007 | INFO     | app.main:startup:86 - 📋 Docs: http://localhost:8000/docs
2026-02-27 18:44:39.974 | INFO     | app.main:shutdown:91 - 👋 Servidor detenido
2026-02-27 18:44:40.997 | INFO     | app.main:startup:85 - 🚀 Doc Verificacion API v1.0.0 iniciado
2026-02-27 18:44:40.999 | INFO     | app.main:startup:86 - 📋 Docs: http://localhost:8000/docs
2026-02-27 18:44:53.963 | INFO     | app.main:startup:85 - 🚀 Doc Verificacion API v1.0.0 iniciado
2026-02-27 18:44:53.968 | INFO     | app.main:startup:86 - 📋 Docs: http://localhost:8000/docs
2026-02-27 18:49:04.742 | INFO     | app.api.routes:verificar_documento:90 - Verificando documento - tipo: TipoDocumento.RESIDENCIA_TEMPORAL - tamaño: 299.6KB
2026-02-27 18:49:04.742 | INFO     | app.services.verificacion:verificar:47 - Iniciando verificación - tipo: TipoDocumento.RESIDENCIA_TEMPORAL
2026-02-27 18:49:08.139 | INFO     | app.services.verificacion:verificar:112 - Verificación completada - Score: 71 - Resultado: ResultadoVerificacion.REVISION_MANUAL - 3396ms
2026-02-27 18:49:13.992 | INFO     | app.api.routes:verificar_documento:90 - Verificando documento - tipo: TipoDocumento.RESIDENCIA_TEMPORAL - tamaño: 422.4KB
2026-02-27 18:49:13.993 | INFO     | app.services.verificacion:verificar:47 - Iniciando verificación - tipo: TipoDocumento.RESIDENCIA_TEMPORAL
2026-02-27 18:49:15.681 | INFO     | app.services.verificacion:verificar:112 - Verificación completada - Score: 68 - Resultado: ResultadoVerificacion.REVISION_MANUAL - 1687ms
2026-02-27 18:50:06.913 | INFO     | app.main:shutdown:91 - 👋 Servidor detenido
2026-02-27 18:50:07.542 | INFO     | app.main:startup:85 - 🚀 Doc Verificacion API v1.0.0 iniciado
2026-02-27 18:50:07.544 | INFO     | app.main:startup:86 - 📋 Docs: http://localhost:8000/docs
2026-02-27 18:51:19.592 | INFO     | app.main:shutdown:91 - 👋 Servidor detenido
2026-02-27 18:51:20.328 | INFO     | app.main:startup:85 - 🚀 Doc Verificacion API v1.0.0 iniciado
2026-02-27 18:51:20.328 | INFO     | app.main:startup:86 - 📋 Docs: http://localhost:8000/docs
2026-02-27 18:52:12.479 | INFO     | app.api.routes:verificar_documento:90 - Verificando documento - tipo: TipoDocumento.RESIDENCIA_TEMPORAL - tamaño: 299.6KB
2026-02-27 18:52:12.479 | INFO     | app.services.verificacion:verificar:47 - Iniciando verificación - tipo: TipoDocumento.RESIDENCIA_TEMPORAL
2026-02-27 18:52:18.598 | INFO     | app.services.verificacion:verificar:112 - Verificación completada - Score: 80 - Resultado: ResultadoVerificacion.ORIGINAL - 6118ms
2026-02-27 18:52:18.711 | INFO     | app.main:shutdown:91 - 👋 Servidor detenido
2026-02-27 18:52:19.353 | INFO     | app.main:startup:85 - 🚀 Doc Verificacion API v1.0.0 iniciado
2026-02-27 18:52:19.353 | INFO     | app.main:startup:86 - 📋 Docs: http://localhost:8000/docs
2026-02-27 18:52:36.261 | INFO     | app.main:shutdown:91 - 👋 Servidor detenido
2026-02-27 18:52:36.923 | INFO     | app.main:startup:85 - 🚀 Doc Verificacion API v1.0.0 iniciado
2026-02-27 18:52:36.923 | INFO     | app.main:startup:86 - 📋 Docs: http://localhost:8000/docs
2026-02-27 18:52:44.001 | INFO     | app.main:startup:85 - 🚀 Doc Verificacion API v1.0.0 iniciado
2026-02-27 18:52:44.002 | INFO     | app.main:startup:86 - 📋 Docs: http://localhost:8000/docs
2026-02-27 18:53:08.030 | INFO     | app.api.routes:verificar_documento:90 - Verificando documento - tipo: TipoDocumento.RESIDENCIA_TEMPORAL - tamaño: 299.6KB
2026-02-27 18:53:08.030 | INFO     | app.services.verificacion:verificar:47 - Iniciando verificación - tipo: TipoDocumento.RESIDENCIA_TEMPORAL
2026-02-27 18:53:14.065 | INFO     | app.services.verificacion:verificar:112 - Verificación completada - Score: 93 - Resultado: ResultadoVerificacion.ORIGINAL - 6034ms
2026-02-27 18:53:19.994 | INFO     | app.api.routes:verificar_documento:90 - Verificando documento - tipo: TipoDocumento.RESIDENCIA_TEMPORAL - tamaño: 422.4KB
2026-02-27 18:53:19.994 | INFO     | app.services.verificacion:verificar:47 - Iniciando verificación - tipo: TipoDocumento.RESIDENCIA_TEMPORAL
2026-02-27 18:53:27.009 | INFO     | app.services.verificacion:verificar:112 - Verificación completada - Score: 74 - Resultado: ResultadoVerificacion.REVISION_MANUAL - 7014ms
2026-02-27 18:53:50.378 | INFO     | app.main:shutdown:91 - 👋 Servidor detenido
2026-02-27 18:53:51.015 | INFO     | app.main:startup:85 - 🚀 Doc Verificacion API v1.0.0 iniciado
2026-02-27 18:53:51.017 | INFO     | app.main:startup:86 - 📋 Docs: http://localhost:8000/docs
2026-02-27 18:53:52.559 | INFO     | app.main:shutdown:91 - 👋 Servidor detenido
2026-02-27 18:53:53.294 | INFO     | app.main:startup:85 - 🚀 Doc Verificacion API v1.0.0 iniciado
2026-02-27 18:53:53.295 | INFO     | app.main:startup:86 - 📋 Docs: http://localhost:8000/docs
2026-02-27 18:54:53.097 | INFO     | app.main:shutdown:91 - 👋 Servidor detenido
2026-02-27 18:54:53.740 | INFO     | app.main:startup:85 - 🚀 Doc Verificacion API v1.0.0 iniciado
2026-02-27 18:54:53.741 | INFO     | app.main:startup:86 - 📋 Docs: http://localhost:8000/docs
2026-02-27 19:04:35.979 | INFO     | app.main:shutdown:91 - 👋 Servidor detenido
2026-02-27 19:04:36.973 | INFO     | app.main:startup:85 - 🚀 Doc Verificacion API v1.0.0 iniciado
2026-02-27 19:04:36.976 | INFO     | app.main:startup:86 - 📋 Docs: http://localhost:8000/docs
2026-02-27 19:04:53.400 | INFO     | app.main:shutdown:91 - 👋 Servidor detenido
2026-02-27 19:04:54.195 | INFO     | app.main:startup:85 - 🚀 Doc Verificacion API v1.0.0 iniciado
2026-02-27 19:04:54.196 | INFO     | app.main:startup:86 - 📋 Docs: http://localhost:8000/docs
2026-02-27 19:05:46.020 | INFO     | app.main:shutdown:91 - 👋 Servidor detenido
2026-02-27 19:05:47.086 | INFO     | app.main:startup:85 - 🚀 Doc Verificacion API v1.0.0 iniciado
2026-02-27 19:05:47.086 | INFO     | app.main:startup:86 - 📋 Docs: http://localhost:8000/docs
2026-02-27 19:05:54.603 | INFO     | app.main:startup:85 - 🚀 Doc Verificacion API v1.0.0 iniciado
2026-02-27 19:05:54.605 | INFO     | app.main:startup:86 - 📋 Docs: http://localhost:8000/docs
2026-02-27 19:07:40.214 | INFO     | app.main:shutdown:91 - 👋 Servidor detenido
2026-02-27 19:07:41.059 | INFO     | app.main:startup:85 - 🚀 Doc Verificacion API v1.0.0 iniciado
2026-02-27 19:07:41.061 | INFO     | app.main:startup:86 - 📋 Docs: http://localhost:8000/docs
2026-02-27 19:09:48.631 | INFO     | app.api.routes:verificar_documento:90 - Verificando documento - tipo: TipoDocumento.RESIDENCIA_TEMPORAL - tamaño: 299.6KB
2026-02-27 19:09:48.632 | INFO     | app.services.verificacion:verificar:47 - Iniciando verificación - tipo: TipoDocumento.RESIDENCIA_TEMPORAL
2026-02-27 19:09:53.725 | INFO     | app.main:shutdown:91 - 👋 Servidor detenido
2026-02-27 19:09:54.448 | INFO     | app.main:startup:85 - 🚀 Doc Verificacion API v1.0.0 iniciado
2026-02-27 19:09:54.448 | INFO     | app.main:startup:86 - 📋 Docs: http://localhost:8000/docs
2026-02-27 19:09:55.237 | INFO     | app.services.verificacion:verificar:112 - Verificación completada - Score: 93 - Resultado: ResultadoVerificacion.ORIGINAL - 6605ms
2026-02-27 19:09:55.240 | INFO     | app.api.routes:verificar_documento:90 - Verificando documento - tipo: TipoDocumento.RESIDENCIA_TEMPORAL - tamaño: 422.4KB
2026-02-27 19:09:55.240 | INFO     | app.services.verificacion:verificar:47 - Iniciando verificación - tipo: TipoDocumento.RESIDENCIA_TEMPORAL
2026-02-27 19:10:01.986 | INFO     | app.services.verificacion:verificar:112 - Verificación completada - Score: 74 - Resultado: ResultadoVerificacion.REVISION_MANUAL - 6745ms
2026-02-27 19:10:01.987 | INFO     | app.main:shutdown:91 - 👋 Servidor detenido
2026-02-27 19:10:02.723 | INFO     | app.main:startup:85 - 🚀 Doc Verificacion API v1.0.0 iniciado
2026-02-27 19:10:02.724 | INFO     | app.main:startup:86 - 📋 Docs: http://localhost:8000/docs
2026-02-27 19:10:03.260 | INFO     | app.main:shutdown:91 - 👋 Servidor detenido
2026-02-27 19:10:03.294 | INFO     | app.main:shutdown:91 - 👋 Servidor detenido
2026-02-27 19:10:04.026 | INFO     | app.main:startup:85 - 🚀 Doc Verificacion API v1.0.0 iniciado
2026-02-27 19:10:04.028 | INFO     | app.main:startup:86 - 📋 Docs: http://localhost:8000/docs
2026-02-27 19:10:04.042 | INFO     | app.main:startup:85 - 🚀 Doc Verificacion API v1.0.0 iniciado
2026-02-27 19:10:04.042 | INFO     | app.main:startup:86 - 📋 Docs: http://localhost:8000/docs
2026-02-27 19:10:22.112 | INFO     | app.main:startup:85 - 🚀 Doc Verificacion API v1.0.0 iniciado
2026-02-27 19:10:22.115 | INFO     | app.main:startup:86 - 📋 Docs: http://localhost:8000/docs
2026-02-27 19:10:22.116 | INFO     | app.main:shutdown:91 - 👋 Servidor detenido
2026-02-27 19:10:59.350 | INFO     | app.main:startup:85 - 🚀 Doc Verificacion API v1.0.0 iniciado
2026-02-27 19:10:59.352 | INFO     | app.main:startup:86 - 📋 Docs: http://localhost:8000/docs
2026-02-27 19:10:59.353 | INFO     | app.main:shutdown:91 - 👋 Servidor detenido
2026-02-27 19:11:22.804 | INFO     | app.api.routes:verificar_documento:90 - Verificando documento - tipo: TipoDocumento.RESIDENCIA_TEMPORAL - tamaño: 299.6KB
2026-02-27 19:11:22.804 | INFO     | app.services.verificacion:verificar:47 - Iniciando verificación - tipo: TipoDocumento.RESIDENCIA_TEMPORAL
2026-02-27 19:11:32.391 | INFO     | app.services.verificacion:verificar:119 - Verificación completada - Score: 93 - Resultado: ResultadoVerificacion.ORIGINAL - 9586ms
2026-02-27 19:15:02.316 | INFO     | app.main:shutdown:91 - 👋 Servidor detenido
2026-02-27 19:15:03.024 | INFO     | app.main:startup:85 - 🚀 Doc Verificacion API v1.0.0 iniciado
2026-02-27 19:15:03.024 | INFO     | app.main:startup:86 - 📋 Docs: http://localhost:8000/docs
2026-02-27 19:15:03.642 | INFO     | app.main:shutdown:91 - 👋 Servidor detenido
2026-02-27 19:15:03.657 | INFO     | app.main:shutdown:91 - 👋 Servidor detenido
2026-02-27 19:15:04.344 | INFO     | app.main:startup:85 - 🚀 Doc Verificacion API v1.0.0 iniciado
2026-02-27 19:15:04.345 | INFO     | app.main:startup:86 - 📋 Docs: http://localhost:8000/docs
2026-02-27 19:15:04.345 | INFO     | app.main:startup:85 - 🚀 Doc Verificacion API v1.0.0 iniciado
2026-02-27 19:15:04.346 | INFO     | app.main:startup:86 - 📋 Docs: http://localhost:8000/docs
2026-02-27 19:24:05.656 | INFO     | app.main:shutdown:91 - 👋 Servidor detenido
2026-02-27 19:24:16.765 | INFO     | app.main:startup:85 - 🚀 Doc Verificacion API v1.0.0 iniciado
2026-02-27 19:24:16.767 | INFO     | app.main:startup:86 - 📋 Docs: http://localhost:8000/docs
2026-02-27 19:24:16.768 | INFO     | app.main:shutdown:91 - 👋 Servidor detenido
2026-02-27 19:24:53.579 | INFO     | app.main:startup:85 - 🚀 Doc Verificacion API v1.0.0 iniciado
2026-02-27 19:24:53.582 | INFO     | app.main:startup:86 - 📋 Docs: http://localhost:8000/docs
2026-02-27 19:25:13.227 | INFO     | app.api.routes:verificar_comprobante:137 - Verificando comprobante - archivo: comprobante_domicilio.pdf - tamaño: 295.8KB
2026-02-27 19:32:22.169 | INFO     | app.main:startup:85 - 🚀 Doc Verificacion API v1.0.0 iniciado
2026-02-27 19:32:22.171 | INFO     | app.main:startup:86 - 📋 Docs: http://localhost:8000/docs
2026-02-27 19:32:43.528 | INFO     | app.api.routes:verificar_documento:92 - Verificando documento - tipo: TipoDocumento.RESIDENCIA_TEMPORAL - tamaño: 422.4KB
2026-02-27 19:32:43.528 | INFO     | app.services.verificacion:verificar:47 - Iniciando verificación - tipo: TipoDocumento.RESIDENCIA_TEMPORAL
2026-02-27 19:32:53.400 | INFO     | app.services.verificacion:verificar:119 - Verificación completada - Score: 77 - Resultado: ResultadoVerificacion.ORIGINAL - 9871ms
